app/_layout.tsx(29,34): error TS2554: Expected 1 arguments, but got 0.
app/_layout.tsx(30,30): error TS2554: Expected 1 arguments, but got 0.
app/_layout.tsx(45,31): error TS2339: Property 'removeNotificationSubscription' does not exist on type 'typeof import("C:/Users/nithy/Videos/gold_estimate_customized/node_modules/expo-notifications/build/index")'.
app/_layout.tsx(48,31): error TS2339: Property 'removeNotificationSubscription' does not exist on type 'typeof import("C:/Users/nithy/Videos/gold_estimate_customized/node_modules/expo-notifications/build/index")'.
src/services/notificationService.ts(8,35): error TS2322: Type 'Promise<{ shouldShowAlert: true; shouldPlaySound: true; shouldSetBadge: true; }>' is not assignable to type 'Promise<NotificationBehavior>'.
  Type '{ shouldShowAlert: true; shouldPlaySound: true; shouldSetBadge: true; }' is missing the following properties from type 'NotificationBehavior': shouldShowBanner, shouldShowList
src/services/notificationService.ts(26,7): error TS2561: Object literal may only specify known properties, but 'enableVibration' does not exist in type 'NotificationChannelInput'. Did you mean to write 'enableVibrate'?
test_printer.tsx(7,29): error TS2307: Cannot find module '../components/ScreenContainer' or its corresponding type declarations.
test_printer.tsx(8,23): error TS2307: Cannot find module '../components/HeaderBar' or its corresponding type declarations.
test_printer.tsx(9,87): error TS2307: Cannot find module '../constants/theme' or its corresponding type declarations.
test_printer.tsx(10,27): error TS2307: Cannot find module '../components/PrimaryButton' or its corresponding type declarations.
test_printer.tsx(11,36): error TS2307: Cannot find module '../store/GeneralSettingsContext' or its corresponding type declarations.
test_printer.tsx(12,31): error TS2307: Cannot find module '../services/printService' or its corresponding type declarations.
test_printer.tsx(154,29): error TS7006: Parameter 'details' implicitly has an 'any' type.
test_printer2.tsx(7,29): error TS2307: Cannot find module '../components/ScreenContainer' or its corresponding type declarations.
test_printer2.tsx(8,23): error TS2307: Cannot find module '../components/HeaderBar' or its corresponding type declarations.
test_printer2.tsx(9,87): error TS2307: Cannot find module '../constants/theme' or its corresponding type declarations.
test_printer2.tsx(10,27): error TS2307: Cannot find module '../components/PrimaryButton' or its corresponding type declarations.
test_printer2.tsx(11,36): error TS2307: Cannot find module '../store/GeneralSettingsContext' or its corresponding type declarations.
test_printer2.tsx(12,31): error TS2307: Cannot find module '../services/printService' or its corresponding type declarations.
test_printer2.tsx(154,29): error TS7006: Parameter 'details' implicitly has an 'any' type.
