src/screens/ManualEntryScreen.tsx(54,15): error TS2741: Property 'metal' is missing in type '{ id: string; name: string; pcs: number; grossWeight: number; stoneWeight: number; netWeight: number; purity: number; makingCharge: number; makingChargeType: MakingChargeType; ... 8 more ...; totalValue: number; }' but required in type 'EstimationItem'.
src/screens/RateUpdateScreen.tsx(76,26): error TS2353: Object literal may only specify known properties, and 'fontSize' does not exist in type 'ViewStyle'.
src/store/EstimationContext.tsx(45,5): error TS2741: Property 'totalPurchase' is missing in type '{ totalWeight: number; totalGoldValue: number; totalMakingCharge: number; totalWastage: number; totalGST: number; totalChit: number; totalAdvance: number; grandTotal: number; }' but required in type 'EstimationTotals'.
